--------- beginning of main
06-05 09:58:29.511 32014 32020 I zygote64: Do full code cache collection, code=251KB, data=168KB
06-05 09:58:29.511 32014 32020 I zygote64: After code cache collection, code=186KB, data=102KB
06-05 09:58:29.627 32014 32022 I zygote64: Debugger is no longer active
06-05 09:58:30.828   736   863 E ANDR-PERF-MPCTL: Switched profile to -1
06-05 09:58:31.471   756  1082 W HWComposer: Ignoring duplicate VSYNC event from HWC (t=168964636327000)
06-05 09:58:31.487   756  1082 W HWComposer: Ignoring duplicate VSYNC event from HWC (t=168964653161000)
06-05 09:58:31.761  1211  3211 V LocSvc_HIDL_Subscription_jni: battery_level_update
06-05 09:58:31.761  1211  3211 V LocSvc_HIDL_Subscription_jni: [battery_level_update][943] [HC] =>> [HS]
06-05 09:58:31.761   828   828 V LocSvc_HIDL_IzatSubscription: [batteryLevelUpdate][782] [HS] <<<<= [HC]
06-05 09:58:31.762  1211  3211 V LocSvc_HIDL_Subscription_jni: Exit Result 0
06-05 09:58:32.644   736   863 E ANDR-PERF-MPCTL: Switched profile to 0
--------- beginning of system
06-05 09:58:32.789  1211  2005 I ActivityManager: START u0 {cmp=com.example.android_lesson/.db.sqllite.SqliteTestActivity} from uid 11670
06-05 09:58:32.798 32014 32014 D MainActivity: onPause: ======
06-05 09:58:32.799  2026  2043 D AMapControlService: onActivityPauseBackground com.example.android_lesson act:ComponentInfo{com.example.android_lesson/com.example.android_lesson.MainActivity}
06-05 09:58:32.804 32014 32014 I System  : Daemon delayGCRequest, sDelayGCRequest=false, delay=true, sPendingGCRequest=false
06-05 09:58:32.804  2026  2043 D AMapControlService: onActivitiesForeground com.example.android_lesson/com.example.android_lesson.db.sqllite.SqliteTestActivity
06-05 09:58:32.805  2026  2096 D AMapControlService: workerCallBack , not use infinity :false
06-05 09:58:32.805  1676  7374 D EventBus: No subscribers registered for event class com.android.systemui.event.EventType$AppInfoEvent
06-05 09:58:32.805  1676  7374 D EventBus: No subscribers registered for event class org.greenrobot.eventbus.NoSubscriberEvent
06-05 09:58:32.825 32014 32014 D AndroidAutoSize: com.example.android_lesson.db.sqllite.SqliteTestActivity used the global configuration.
06-05 09:58:32.827 32014 32014 D AndroidAutoSize: The com.example.android_lesson.db.sqllite.SqliteTestActivity has been adapted! 
06-05 09:58:32.827 32014 32014 D AndroidAutoSize: SqliteTestActivity Info: isBaseOnWidth = true, designWidthInDp = 375.000000, designWidthInSubunits = 375.000000, targetDensity = 2.880000, targetScaledDensity = 2.880000, targetDensityDpi = 460, targetXdpi = 2.880000, targetScreenWidthDp = 375, targetScreenHeightDp = 718
06-05 09:58:32.831 32014 32014 W PressGestureDetector: setPhoneWindow, taskId [15154], com.example.android_lesson
06-05 09:58:32.862 32014 32014 I MMKV    : Enable checkProcessMode()
06-05 09:58:32.864 32014 32014 I MMKV    : current API level = 27, libc++_shared=0
06-05 09:58:32.864 32014 32014 I MMKV    : <MMKV.cpp:166::initialize> version v1.3.2, page size 4096, arch arm64-v8a
06-05 09:58:32.864 32014 32014 I MMKV    : <MMKV.cpp:177::initialize> armv8 AES instructions is supported
06-05 09:58:32.864 32014 32014 I MMKV    : <MMKV.cpp:185::initialize> armv8 CRC32 instructions is supported
06-05 09:58:32.864 32014 32014 I MMKV    : <MMKV.cpp:225::initializeMMKV> root dir: /data/user/0/com.example.android_lesson/files/mmkv
06-05 09:58:32.864 32014 32148 I MMKV    : <MemoryFile.cpp:97::open> open fd[0x37], /data/user/0/com.example.android_lesson/files/mmkv/mmkv.default
06-05 09:58:32.864 32014 32148 I MMKV    : <MemoryFile.cpp:97::open> open fd[0x42], /data/user/0/com.example.android_lesson/files/mmkv/mmkv.default.crc
06-05 09:58:32.864 32014 32148 I MMKV    : <MMKV_IO.cpp:204::loadMetaInfoAndCheck> meta file [mmkv.default] has flag [0]
06-05 09:58:32.867 32014 32148 I MMKV    : <MMKV_IO.cpp:78::loadFromFile> loading [mmkv.default] with 4097501 actual size, file size 4194304, InterProcess 0, meta info version:4
06-05 09:58:32.867 32014 32148 I MMKV    : <MMKV_IO.cpp:83::loadFromFile> loading [mmkv.default] with crc 2849220600 sequence 12 version 4
06-05 09:58:32.867 32014 32014 D AndroidAutoSize: com.example.android_lesson.db.sqllite.SqliteTestActivity used the global configuration.
06-05 09:58:32.868 32014 32014 D AndroidAutoSize: The com.example.android_lesson.db.sqllite.SqliteTestActivity has been adapted! 
06-05 09:58:32.868 32014 32014 D AndroidAutoSize: SqliteTestActivity Info: isBaseOnWidth = true, designWidthInDp = 375.000000, designWidthInSubunits = 375.000000, targetDensity = 2.880000, targetScaledDensity = 2.880000, targetDensityDpi = 460, targetXdpi = 2.880000, targetScreenWidthDp = 375, targetScreenHeightDp = 718
06-05 09:58:32.901 32014 32014 D DecorView: com.example.android_lesson/com.example.android_lesson.db.sqllite.SqliteTestActivity updateSmaratianColorViewInt add smartisan customized statusbar
06-05 09:58:32.908   756   756 D         : SurfaceMonitor init completed!
06-05 09:58:32.908   756   756 D         : SurfaceMonitor get surfaceflinger completed!
06-05 09:58:32.933   735   735 E ANDR-IOP: IOP HAL: Received pkg_name = com.example.android_lesson pid = 0
06-05 09:58:32.933  1211  1279 I ActivityManager: Displayed com.example.android_lesson/.db.sqllite.SqliteTestActivity: +132ms
06-05 09:58:32.934  1211  1279 E ANDR-PERF-JNI: com_qualcomm_qtiperformance_native_perf_io_prefetch_start
06-05 09:58:32.934   735   735 E ANDR-IOP: IOP HAL: Received pkg_name = com.example.android_lesson pid = 32014
06-05 09:58:32.934   735   826 E ANDR-IOP: io prefetch Capture is deactivated 
06-05 09:58:32.934  1211  1279 D SmartisanLaunch: cold launch: package:com.example.android_lesson    activity:com.example.android_lesson/.db.sqllite.SqliteTestActivity   start_time:168965950   end_time:168966097   duration:147ms
06-05 09:58:32.936 32014 32148 I MMKV    : <MMKV_IO.cpp:127::loadFromFile> loaded [mmkv.default] with 100000 key-values
06-05 09:58:32.936 32014 32150 D SqliteTestActivity: run: Thread-5 true
06-05 09:58:32.936 32014 32148 D SqliteTestActivity: run: Thread-3 true
06-05 09:58:32.936 32014 32152 D SqliteTestActivity: onCreate: Thread-6 3376 value3376
06-05 09:58:32.936 32014 32148 D SqliteTestActivity: run: Thread-3 true
06-05 09:58:32.936 32014 32148 D SqliteTestActivity: run: Thread-3 true
06-05 09:58:32.936 32014 32152 D SqliteTestActivity: onCreate: Thread-6 3706 value3706
06-05 09:58:32.936 32014 32148 D SqliteTestActivity: run: Thread-3 true
06-05 09:58:32.936 32014 32149 D SqliteTestActivity: onCreate: Thread-4 7953 value7953
06-05 09:58:32.936 32014 32150 D SqliteTestActivity: run: Thread-5 true
06-05 09:58:32.936 32014 32152 D SqliteTestActivity: onCreate: Thread-6 1174 value1174
06-05 09:58:32.936 32014 32148 D SqliteTestActivity: run: Thread-3 true
06-05 09:58:32.936 32014 32150 D SqliteTestActivity: run: Thread-5 true
06-05 09:58:32.936 32014 32148 D SqliteTestActivity: run: Thread-3 true
06-05 09:58:32.936 32014 32152 D SqliteTestActivity: onCreate: Thread-6 71 value71
06-05 09:58:32.936 32014 32149 D SqliteTestActivity: onCreate: Thread-4 8253 value8253
06-05 09:58:32.936 32014 32148 D SqliteTestActivity: run: Thread-3 true
06-05 09:58:32.936 32014 32150 D SqliteTestActivity: run: Thread-5 true
06-05 09:58:32.936 32014 32148 D SqliteTestActivity: run: Thread-3 true
06-05 09:58:32.936 32014 32148 D SqliteTestActivity: run: Thread-3 true
06-05 09:58:32.936 32014 32152 D SqliteTestActivity: onCreate: Thread-6 -9449 null
06-05 09:58:32.936 32014 32148 D SqliteTestActivity: run: Thread-3 true
06-05 09:58:32.936 32014 32149 D SqliteTestActivity: onCreate: Thread-4 7170 value7170
06-05 09:58:32.936 32014 32152 D SqliteTestActivity: onCreate: Thread-6 5634 value5634
06-05 09:58:32.937 32014 32150 D SqliteTestActivity: run: Thread-5 true
06-05 09:58:32.937 32014 32148 D SqliteTestActivity: run: Thread-3 true
06-05 09:58:32.937 32014 32152 D SqliteTestActivity: onCreate: Thread-6 6191 value6191
06-05 09:58:32.937 32014 32150 D SqliteTestActivity: run: Thread-5 true
06-05 09:58:32.937 32014 32148 D SqliteTestActivity: run: Thread-3 true
06-05 09:58:32.937 32014 32150 D SqliteTestActivity: run: Thread-5 true
06-05 09:58:32.937 32014 32148 D SqliteTestActivity: run: Thread-3 true
06-05 09:58:32.937 32014 32149 D SqliteTestActivity: onCreate: Thread-4 -7208 null
06-05 09:58:32.937 32014 32150 D SqliteTestActivity: run: Thread-5 true
06-05 09:58:32.937 32014 32152 D SqliteTestActivity: onCreate: Thread-6 5340 value5340
06-05 09:58:32.937 32014 32148 D SqliteTestActivity: run: Thread-3 true
06-05 09:58:32.937 32014 32150 D SqliteTestActivity: run: Thread-5 true
06-05 09:58:32.937 32014 32148 D SqliteTestActivity: run: Thread-3 true
06-05 09:58:32.937 32014 32152 D SqliteTestActivity: onCreate: Thread-6 -8703 null
06-05 09:58:32.937 32014 32149 D SqliteTestActivity: onCreate: Thread-4 3607 value3607
06-05 09:58:32.937 32014 32148 D SqliteTestActivity: run: Thread-3 true
06-05 09:58:32.937 32014 32152 D SqliteTestActivity: onCreate: Thread-6 -8293 null
06-05 09:58:32.937 32014 32148 D SqliteTestActivity: run: Thread-3 true
06-05 09:58:32.937 32014 32148 D SqliteTestActivity: run: Thread-3 true
06-05 09:58:32.937 32014 32152 D SqliteTestActivity: onCreate: Thread-6 -5146 null
06-05 09:58:32.937 32014 32150 D SqliteTestActivity: run: Thread-5 true
06-05 09:58:32.937 32014 32148 D SqliteTestActivity: run: Thread-3 true
06-05 09:58:32.937 32014 32150 D SqliteTestActivity: run: Thread-5 true
06-05 09:58:32.937 32014 32149 D SqliteTestActivity: onCreate: Thread-4 5637 value5637
06-05 09:58:32.937 32014 32148 D SqliteTestActivity: run: Thread-3 true
06-05 09:58:32.937 32014 32148 D SqliteTestActivity: run: Thread-3 true
06-05 09:58:32.937 32014 32150 D SqliteTestActivity: run: Thread-5 true
06-05 09:58:32.937 32014 32150 D SqliteTestActivity: run: Thread-5 true
06-05 09:58:32.937 32014 32152 D SqliteTestActivity: onCreate: Thread-6 5004 value5004
06-05 09:58:32.937 32014 32150 D SqliteTestActivity: run: Thread-5 true
06-05 09:58:32.937 32014 32148 D SqliteTestActivity: run: Thread-3 true
06-05 09:58:32.937 32014 32149 D SqliteTestActivity: onCreate: Thread-4 6544 value6544
06-05 09:58:32.937 32014 32150 D SqliteTestActivity: run: Thread-5 true
06-05 09:58:32.937 32014 32152 D SqliteTestActivity: onCreate: Thread-6 -7902 null
06-05 09:58:32.937 32014 32148 D SqliteTestActivity: run: Thread-3 true
06-05 09:58:32.937 32014 32150 D SqliteTestActivity: run: Thread-5 true
06-05 09:58:32.937 32014 32152 D SqliteTestActivity: onCreate: Thread-6 -1477 null
06-05 09:58:32.937 32014 32148 D SqliteTestActivity: run: Thread-3 true
06-05 09:58:32.937 32014 32149 D SqliteTestActivity: onCreate: Thread-4 -2652 null
06-05 09:58:32.937 32014 32150 D SqliteTestActivity: run: Thread-5 true
06-05 09:58:32.937 32014 32148 D SqliteTestActivity: run: Thread-3 true
06-05 09:58:32.937 32014 32150 D SqliteTestActivity: run: Thread-5 true
06-05 09:58:32.937 32014 32148 D SqliteTestActivity: run: Thread-3 true
06-05 09:58:32.937 32014 32150 D SqliteTestActivity: run: Thread-5 true
06-05 09:58:32.937 32014 32148 D SqliteTestActivity: run: Thread-3 true
06-05 09:58:32.937 32014 32150 D SqliteTestActivity: run: Thread-5 true
06-05 09:58:32.937 32014 32152 D SqliteTestActivity: onCreate: Thread-6 5202 value5202
06-05 09:58:32.937 32014 32148 D SqliteTestActivity: run: Thread-3 true
06-05 09:58:32.937 32014 32150 D SqliteTestActivity: run: Thread-5 true
06-05 09:58:32.937 32014 32148 D SqliteTestActivity: run: Thread-3 true
06-05 09:58:32.937 32014 32149 D SqliteTestActivity: onCreate: Thread-4 1719 value1719
06-05 09:58:32.937 32014 32150 D SqliteTestActivity: run: Thread-5 true
06-05 09:58:32.937 32014 32148 D SqliteTestActivity: run: Thread-3 true
06-05 09:58:32.937 32014 32150 D SqliteTestActivity: run: Thread-5 true
06-05 09:58:32.937 32014 32148 D SqliteTestActivity: run: Thread-3 true
06-05 09:58:32.937 32014 32152 D SqliteTestActivity: onCreate: Thread-6 -225 null
06-05 09:58:32.937 32014 32149 D SqliteTestActivity: onCreate: Thread-4 8423 value8423
06-05 09:58:32.937 32014 32150 D SqliteTestActivity: run: Thread-5 true
06-05 09:58:32.937 32014 32148 D SqliteTestActivity: run: Thread-3 true
06-05 09:58:32.937 32014 32149 D SqliteTestActivity: onCreate: Thread-4 5817 value5817
06-05 09:58:32.938 32014 32150 D SqliteTestActivity: run: Thread-5 true
06-05 09:58:32.938 32014 32148 D SqliteTestActivity: run: Thread-3 true
06-05 09:58:32.938 32014 32149 D SqliteTestActivity: onCreate: Thread-4 2941 value2941
06-05 09:58:32.938 32014 32148 D SqliteTestActivity: run: Thread-3 true
06-05 09:58:32.938 32014 32152 D SqliteTestActivity: onCreate: Thread-6 6719 value6719
06-05 09:58:32.938 32014 32148 D SqliteTestActivity: run: Thread-3 true
06-05 09:58:32.938 32014 32149 D SqliteTestActivity: onCreate: Thread-4 -5459 null
06-05 09:58:32.938 32014 32148 D SqliteTestActivity: run: Thread-3 true
06-05 09:58:32.938 32014 32148 D SqliteTestActivity: run: Thread-3 true
06-05 09:58:32.938 32014 32152 D SqliteTestActivity: onCreate: Thread-6 9973 value9973
06-05 09:58:32.938 32014 32149 D SqliteTestActivity: onCreate: Thread-4 -7336 null
06-05 09:58:32.938 32014 32150 D SqliteTestActivity: run: Thread-5 true
06-05 09:58:32.938 32014 32148 D SqliteTestActivity: run: Thread-3 true
06-05 09:58:32.938 32014 32148 D SqliteTestActivity: run: Thread-3 true
06-05 09:58:32.938 32014 32149 D SqliteTestActivity: onCreate: Thread-4 1958 value1958
06-05 09:58:32.938 32014 32148 D SqliteTestActivity: run: Thread-3 true
06-05 09:58:32.938 32014 32152 D SqliteTestActivity: onCreate: Thread-6 -3631 null
06-05 09:58:32.938 32014 32150 D SqliteTestActivity: run: Thread-5 true
06-05 09:58:32.938 32014 32149 D SqliteTestActivity: onCreate: Thread-4 5333 value5333
06-05 09:58:32.938 32014 32148 D SqliteTestActivity: run: Thread-3 true
06-05 09:58:32.938 32014 32152 D SqliteTestActivity: onCreate: Thread-6 -3017 null
06-05 09:58:32.938 32014 32150 D SqliteTestActivity: run: Thread-5 true
06-05 09:58:32.938 32014 32148 D SqliteTestActivity: run: Thread-3 true
06-05 09:58:32.938 32014 32149 D SqliteTestActivity: onCreate: Thread-4 -5339 null
06-05 09:58:32.938 32014 32148 D SqliteTestActivity: run: Thread-3 true
06-05 09:58:32.938 32014 32148 D SqliteTestActivity: run: Thread-3 true
06-05 09:58:32.938 32014 32152 D SqliteTestActivity: onCreate: Thread-6 -6024 null
06-05 09:58:32.938 32014 32148 D SqliteTestActivity: run: Thread-3 true
06-05 09:58:32.938 32014 32148 D SqliteTestActivity: run: Thread-3 true
06-05 09:58:32.938 32014 32152 D SqliteTestActivity: onCreate: Thread-6 -5154 null
06-05 09:58:32.938 32014 32148 D SqliteTestActivity: run: Thread-3 true
06-05 09:58:32.938 32014 32148 D SqliteTestActivity: run: Thread-3 true
06-05 09:58:32.938 32014 32149 D SqliteTestActivity: onCreate: Thread-4 4732 value4732
06-05 09:58:32.938 32014 32148 D SqliteTestActivity: run: Thread-3 true
06-05 09:58:32.938 32014 32152 D SqliteTestActivity: onCreate: Thread-6 -1938 null
06-05 09:58:32.938 32014 32148 D SqliteTestActivity: run: Thread-3 true
06-05 09:58:32.938 32014 32148 D SqliteTestActivity: run: Thread-3 true
06-05 09:58:32.938 32014 32149 D SqliteTestActivity: onCreate: Thread-4 -7805 null
06-05 09:58:32.938 32014 32148 D SqliteTestActivity: run: Thread-3 true
06-05 09:58:32.938 32014 32152 D SqliteTestActivity: onCreate: Thread-6 5998 value5998
06-05 09:58:32.938 32014 32148 D SqliteTestActivity: run: Thread-3 true
06-05 09:58:32.939 32014 32148 D SqliteTestActivity: run: Thread-3 true
06-05 09:58:32.939 32014 32149 D SqliteTestActivity: onCreate: Thread-4 -1528 null
06-05 09:58:32.939 32014 32148 D SqliteTestActivity: run: Thread-3 true
06-05 09:58:32.939 32014 32152 D SqliteTestActivity: onCreate: Thread-6 -7777 null
06-05 09:58:32.939 32014 32148 D SqliteTestActivity: run: Thread-3 true
06-05 09:58:32.939 32014 32148 D SqliteTestActivity: run: Thread-3 true
06-05 09:58:32.939 32014 32149 D SqliteTestActivity: onCreate: Thread-4 -5021 null
06-05 09:58:32.939 32014 32148 D SqliteTestActivity: run: Thread-3 true
06-05 09:58:32.939 32014 32152 D SqliteTestActivity: onCreate: Thread-6 -2929 null
06-05 09:58:32.939 32014 32148 D SqliteTestActivity: run: Thread-3 true
06-05 09:58:32.939 32014 32148 D SqliteTestActivity: run: Thread-3 true
06-05 09:58:32.939 32014 32149 D SqliteTestActivity: onCreate: Thread-4 -1075 null
06-05 09:58:32.939 32014 32148 D SqliteTestActivity: run: Thread-3 true
06-05 09:58:32.939 32014 32152 D SqliteTestActivity: onCreate: Thread-6 803 value803
06-05 09:58:32.939 32014 32148 D SqliteTestActivity: run: Thread-3 true
06-05 09:58:32.939 32014 32148 D SqliteTestActivity: run: Thread-3 true
06-05 09:58:32.939 32014 32149 D SqliteTestActivity: onCreate: Thread-4 -6615 null
06-05 09:58:32.939 32014 32152 D SqliteTestActivity: onCreate: Thread-6 2280 value2280
06-05 09:58:32.939 32014 32148 D SqliteTestActivity: run: Thread-3 true
06-05 09:58:32.939 32014 32148 D SqliteTestActivity: run: Thread-3 true
06-05 09:58:32.939 32014 32149 D SqliteTestActivity: onCreate: Thread-4 -8308 null
06-05 09:58:32.939 32014 32148 D SqliteTestActivity: run: Thread-3 true
06-05 09:58:32.939 32014 32152 D SqliteTestActivity: onCreate: Thread-6 -7616 null
06-05 09:58:32.939 32014 32148 D SqliteTestActivity: run: Thread-3 true
06-05 09:58:32.939 32014 32148 D SqliteTestActivity: run: Thread-3 true
06-05 09:58:32.939 32014 32149 D SqliteTestActivity: onCreate: Thread-4 9783 value9783
06-05 09:58:32.939 32014 32148 D SqliteTestActivity: run: Thread-3 true
06-05 09:58:32.939 32014 32152 D SqliteTestActivity: onCreate: Thread-6 6879 value6879
06-05 09:58:32.939 32014 32148 D SqliteTestActivity: run: Thread-3 true
06-05 09:58:32.939 32014 32150 D SqliteTestActivity: run: Thread-5 true
06-05 09:58:32.939 32014 32148 D SqliteTestActivity: run: Thread-3 true
06-05 09:58:32.939 32014 32149 D SqliteTestActivity: onCreate: Thread-4 9745 value9745
06-05 09:58:32.939 32014 32152 D SqliteTestActivity: onCreate: Thread-6 -5732 null
06-05 09:58:32.939 32014 32148 D SqliteTestActivity: run: Thread-3 true
06-05 09:58:32.939 32014 32150 D SqliteTestActivity: run: Thread-5 true
06-05 09:58:32.939 32014 32148 D SqliteTestActivity: run: Thread-3 true
06-05 09:58:32.939 32014 32149 D SqliteTestActivity: onCreate: Thread-4 4927 value4927
06-05 09:58:32.939 32014 32152 D SqliteTestActivity: onCreate: Thread-6 2300 value2300
06-05 09:58:32.939 32014 32148 D SqliteTestActivity: run: Thread-3 true
06-05 09:58:32.939 32014 32150 D SqliteTestActivity: run: Thread-5 true
06-05 09:58:32.939 32014 32148 D SqliteTestActivity: run: Thread-3 true
06-05 09:58:32.939 32014 32148 D SqliteTestActivity: run: Thread-3 true
06-05 09:58:32.939 32014 32149 D SqliteTestActivity: onCreate: Thread-4 1518 value1518
06-05 09:58:32.939 32014 32152 D SqliteTestActivity: onCreate: Thread-6 -6598 null
06-05 09:58:32.939 32014 32148 D SqliteTestActivity: run: Thread-3 true
06-05 09:58:32.940 32014 32148 D SqliteTestActivity: run: Thread-3 true
06-05 09:58:32.940 32014 32150 D SqliteTestActivity: run: Thread-5 true
06-05 09:58:32.940 32014 32149 D SqliteTestActivity: onCreate: Thread-4 5413 value5413
06-05 09:58:32.940 32014 32148 D SqliteTestActivity: run: Thread-3 true
06-05 09:58:32.940 32014 32152 D SqliteTestActivity: onCreate: Thread-6 3101 value3101
06-05 09:58:32.940 32014 32148 D SqliteTestActivity: run: Thread-3 true
06-05 09:58:32.940 32014 32150 D SqliteTestActivity: run: Thread-5 true
06-05 09:58:32.940 32014 32148 D SqliteTestActivity: run: Thread-3 true
06-05 09:58:32.940 32014 32149 D SqliteTestActivity: onCreate: Thread-4 4908 value4908
06-05 09:58:32.940 32014 32148 D SqliteTestActivity: run: Thread-3 true
06-05 09:58:32.940 32014 32152 D SqliteTestActivity: onCreate: Thread-6 -6850 null
06-05 09:58:32.940 32014 32150 D SqliteTestActivity: run: Thread-5 true
06-05 09:58:32.940 32014 32148 D SqliteTestActivity: run: Thread-3 true
06-05 09:58:32.940 32014 32148 D SqliteTestActivity: run: Thread-3 true
06-05 09:58:32.940 32014 32150 D SqliteTestActivity: run: Thread-5 true
06-05 09:58:32.940 32014 32149 D SqliteTestActivity: onCreate: Thread-4 7679 value7679
06-05 09:58:32.940 32014 32148 D SqliteTestActivity: run: Thread-3 true
06-05 09:58:32.940 32014 32152 D SqliteTestActivity: onCreate: Thread-6 -2982 null
06-05 09:58:32.940 32014 32148 D SqliteTestActivity: run: Thread-3 true
06-05 09:58:32.940 32014 32150 D SqliteTestActivity: run: Thread-5 true
06-05 09:58:32.940 32014 32148 D SqliteTestActivity: run: Thread-3 true
06-05 09:58:32.940 32014 32149 D SqliteTestActivity: onCreate: Thread-4 6965 value6965
06-05 09:58:32.940 32014 32152 D SqliteTestActivity: onCreate: Thread-6 2166 value2166
06-05 09:58:32.940 32014 32148 D SqliteTestActivity: run: Thread-3 true
06-05 09:58:32.940 32014 32148 D SqliteTestActivity: run: Thread-3 true
06-05 09:58:32.940 32014 32150 D SqliteTestActivity: run: Thread-5 true
06-05 09:58:32.940 32014 32148 D SqliteTestActivity: run: Thread-3 true
06-05 09:58:32.940 32014 32149 D SqliteTestActivity: onCreate: Thread-4 9426 value9426
06-05 09:58:32.940 32014 32152 D SqliteTestActivity: onCreate: Thread-6 2494 value2494
06-05 09:58:32.940 32014 32148 D SqliteTestActivity: run: Thread-3 true
06-05 09:58:32.940 32014 32150 D SqliteTestActivity: run: Thread-5 true
06-05 09:58:32.940 32014 32148 D SqliteTestActivity: run: Thread-3 true
06-05 09:58:32.940 32014 32148 D SqliteTestActivity: run: Thread-3 true
06-05 09:58:32.940 32014 32149 D SqliteTestActivity: onCreate: Thread-4 -3769 null
06-05 09:58:32.940 32014 32152 D SqliteTestActivity: onCreate: Thread-6 -1148 null
06-05 09:58:32.940 32014 32148 D SqliteTestActivity: run: Thread-3 true
06-05 09:58:32.940 32014 32150 D SqliteTestActivity: run: Thread-5 true
06-05 09:58:32.940 32014 32148 D SqliteTestActivity: run: Thread-3 true
06-05 09:58:32.940 32014 32149 D SqliteTestActivity: onCreate: Thread-4 10 value10
06-05 09:58:32.940 32014 32148 D SqliteTestActivity: run: Thread-3 true
06-05 09:58:32.940 32014 32152 D SqliteTestActivity: onCreate: Thread-6 -3317 null
06-05 09:58:32.940 32014 32150 D SqliteTestActivity: run: Thread-5 true
06-05 09:58:32.940 32014 32148 D SqliteTestActivity: run: Thread-3 true
06-05 09:58:32.940 32014 32148 D SqliteTestActivity: run: Thread-3 true
06-05 09:58:32.940 32014 32149 D SqliteTestActivity: onCreate: Thread-4 242 value242
06-05 09:58:32.940 32014 32148 D SqliteTestActivity: run: Thread-3 true
06-05 09:58:32.940 32014 32152 D SqliteTestActivity: onCreate: Thread-6 -7014 null
06-05 09:58:32.940 32014 32150 D SqliteTestActivity: run: Thread-5 true
06-05 09:58:32.941 32014 32148 D SqliteTestActivity: run: Thread-3 true
06-05 09:58:32.941 32014 32148 D SqliteTestActivity: run: Thread-3 true
06-05 09:58:32.941 32014 32149 D SqliteTestActivity: onCreate: Thread-4 9840 value9840
06-05 09:58:32.941 32014 32148 D SqliteTestActivity: run: Thread-3 true
06-05 09:58:32.941 32014 32152 D SqliteTestActivity: onCreate: Thread-6 -715 null
06-05 09:58:32.941 32014 32148 D SqliteTestActivity: run: Thread-3 true
06-05 09:58:32.941 32014 32150 D SqliteTestActivity: run: Thread-5 true
06-05 09:58:32.941 32014 32149 D SqliteTestActivity: onCreate: Thread-4 -8381 null
06-05 09:58:32.941 32014 32148 D SqliteTestActivity: run: Thread-3 true
06-05 09:58:32.941 32014 32150 D SqliteTestActivity: run: Thread-5 true
06-05 09:58:32.941 32014 32148 D SqliteTestActivity: run: Thread-3 true
06-05 09:58:32.941 32014 32152 D SqliteTestActivity: onCreate: Thread-6 1648 value1648
06-05 09:58:32.941 32014 32149 D SqliteTestActivity: onCreate: Thread-4 5449 value5449
06-05 09:58:32.941 32014 32148 D SqliteTestActivity: run: Thread-3 true
06-05 09:58:32.941 32014 32150 D SqliteTestActivity: run: Thread-5 true
06-05 09:58:32.941 32014 32152 D SqliteTestActivity: onCreate: Thread-6 554 value554
06-05 09:58:32.941 32014 32148 D SqliteTestActivity: run: Thread-3 true
06-05 09:58:32.941 32014 32148 D SqliteTestActivity: run: Thread-3 true
06-05 09:58:32.941 32014 32150 D SqliteTestActivity: run: Thread-5 true
06-05 09:58:32.941 32014 32148 D SqliteTestActivity: run: Thread-3 true
06-05 09:58:32.941 32014 32149 D SqliteTestActivity: onCreate: Thread-4 -2589 null
06-05 09:58:32.941 32014 32148 D SqliteTestActivity: run: Thread-3 true
06-05 09:58:32.941 32014 32152 D SqliteTestActivity: onCreate: Thread-6 3732 value3732
06-05 09:58:32.941 32014 32148 D SqliteTestActivity: run: Thread-3 true
06-05 09:58:32.941 32014 32150 D SqliteTestActivity: run: Thread-5 true
06-05 09:58:32.941 32014 32148 D SqliteTestActivity: run: Thread-3 true
06-05 09:58:32.941 32014 32149 D SqliteTestActivity: onCreate: Thread-4 4415 value4415
06-05 09:58:32.941 32014 32152 D SqliteTestActivity: onCreate: Thread-6 -9170 null
06-05 09:58:32.941 32014 32148 D SqliteTestActivity: run: Thread-3 true
06-05 09:58:32.941 32014 32150 D SqliteTestActivity: run: Thread-5 true
06-05 09:58:32.941 32014 32148 D SqliteTestActivity: run: Thread-3 true
06-05 09:58:32.941 32014 32149 D SqliteTestActivity: onCreate: Thread-4 -4918 null
06-05 09:58:32.941 32014 32148 D SqliteTestActivity: run: Thread-3 true
06-05 09:58:32.941 32014 32150 D SqliteTestActivity: run: Thread-5 true
06-05 09:58:32.941 32014 32152 D SqliteTestActivity: onCreate: Thread-6 -2671 null
06-05 09:58:32.941 32014 32148 D SqliteTestActivity: run: Thread-3 true
06-05 09:58:32.941 32014 32149 D SqliteTestActivity: onCreate: Thread-4 -9692 null
06-05 09:58:32.941 32014 32148 D SqliteTestActivity: run: Thread-3 true
06-05 09:58:32.941 32014 32150 D SqliteTestActivity: run: Thread-5 true
06-05 09:58:32.941 32014 32148 D SqliteTestActivity: run: Thread-3 true
06-05 09:58:32.941 32014 32152 D SqliteTestActivity: onCreate: Thread-6 2288 value2288
06-05 09:58:32.941 32014 32149 D SqliteTestActivity: onCreate: Thread-4 5626 value5626
06-05 09:58:32.941 32014 32148 D SqliteTestActivity: run: Thread-3 true
06-05 09:58:32.941 32014 32150 D SqliteTestActivity: run: Thread-5 true
06-05 09:58:32.941 32014 32148 D SqliteTestActivity: run: Thread-3 true
06-05 09:58:32.941 32014 32152 D SqliteTestActivity: onCreate: Thread-6 -7742 null
06-05 09:58:32.942 32014 32148 D SqliteTestActivity: run: Thread-3 true
06-05 09:58:32.942 32014 32150 D SqliteTestActivity: run: Thread-5 true
06-05 09:58:32.942 32014 32148 D SqliteTestActivity: run: Thread-3 true
06-05 09:58:32.942 32014 32149 D SqliteTestActivity: onCreate: Thread-4 -1840 null
06-05 09:58:32.942 32014 32148 D SqliteTestActivity: run: Thread-3 true
06-05 09:58:32.942 32014 32148 D SqliteTestActivity: run: Thread-3 true
06-05 09:58:32.942 32014 32149 D SqliteTestActivity: onCreate: Thread-4 -2742 null
06-05 09:58:32.942 32014 32148 D SqliteTestActivity: run: Thread-3 true
06-05 09:58:32.942 32014 32148 I chatty  : uid=11670(com.example.android_lesson) identical 2 lines
06-05 09:58:32.942 32014 32148 D SqliteTestActivity: run: Thread-3 true
06-05 09:58:32.942 32014 32150 D SqliteTestActivity: run: Thread-5 true
06-05 09:58:32.942 32014 32148 D SqliteTestActivity: run: Thread-3 true
06-05 09:58:32.942 32014 32149 D SqliteTestActivity: onCreate: Thread-4 -9837 null
06-05 09:58:32.942 32014 32148 D SqliteTestActivity: run: Thread-3 true
06-05 09:58:32.942 32014 32148 D SqliteTestActivity: run: Thread-3 true
06-05 09:58:32.942 32014 32150 D SqliteTestActivity: run: Thread-5 true
06-05 09:58:32.942 32014 32152 D SqliteTestActivity: onCreate: Thread-6 7194 value7194
06-05 09:58:32.942 32014 32148 D SqliteTestActivity: run: Thread-3 true
06-05 09:58:32.942 32014 32148 D SqliteTestActivity: run: Thread-3 true
06-05 09:58:32.942 32014 32152 D SqliteTestActivity: onCreate: Thread-6 2667 value2667
06-05 09:58:32.942 32014 32148 D SqliteTestActivity: run: Thread-3 true
06-05 09:58:32.942 32014 32148 D SqliteTestActivity: run: Thread-3 true
06-05 09:58:32.942 32014 32150 D SqliteTestActivity: run: Thread-5 true
06-05 09:58:32.942 32014 32148 D SqliteTestActivity: run: Thread-3 true
06-05 09:58:32.942 32014 32149 D SqliteTestActivity: onCreate: Thread-4 -5947 null
06-05 09:58:32.942 32014 32148 D SqliteTestActivity: run: Thread-3 true
06-05 09:58:32.942 32014 32148 D SqliteTestActivity: run: Thread-3 true
06-05 09:58:32.942 32014 32150 D SqliteTestActivity: run: Thread-5 true
06-05 09:58:32.942 32014 32148 D SqliteTestActivity: run: Thread-3 true
06-05 09:58:32.942 32014 32149 D SqliteTestActivity: onCreate: Thread-4 -9776 null
06-05 09:58:32.942 32014 32148 D SqliteTestActivity: run: Thread-3 true
06-05 09:58:32.942 32014 32150 D SqliteTestActivity: run: Thread-5 true
06-05 09:58:32.942 32014 32148 D SqliteTestActivity: run: Thread-3 true
06-05 09:58:32.942 32014 32152 D SqliteTestActivity: onCreate: Thread-6 -8768 null
06-05 09:58:32.943 32014 32148 D SqliteTestActivity: run: Thread-3 true
06-05 09:58:32.942 32014 32149 D SqliteTestActivity: onCreate: Thread-4 -6613 null
06-05 09:58:32.943 32014 32152 D SqliteTestActivity: onCreate: Thread-6 1275 value1275
06-05 09:58:32.943 32014 32148 D SqliteTestActivity: run: Thread-3 true
06-05 09:58:32.943 32014 32150 D SqliteTestActivity: run: Thread-5 true
06-05 09:58:32.943 32014 32148 D SqliteTestActivity: run: Thread-3 true
06-05 09:58:32.943 32014 32149 D SqliteTestActivity: onCreate: Thread-4 9646 value9646
06-05 09:58:32.943 32014 32148 D SqliteTestActivity: run: Thread-3 true
06-05 09:58:32.943 32014 32150 D SqliteTestActivity: run: Thread-5 true
06-05 09:58:32.943 32014 32152 D SqliteTestActivity: onCreate: Thread-6 4060 value4060
06-05 09:58:32.943 32014 32148 D SqliteTestActivity: run: Thread-3 true
06-05 09:58:32.943 32014 32148 D SqliteTestActivity: run: Thread-3 true
06-05 09:58:32.943 32014 32149 D SqliteTestActivity: onCreate: Thread-4 9934 value9934
06-05 09:58:32.943 32014 32150 D SqliteTestActivity: run: Thread-5 true
06-05 09:58:32.943 32014 32148 D SqliteTestActivity: run: Thread-3 true
06-05 09:58:32.943 32014 32148 D SqliteTestActivity: run: Thread-3 true
06-05 09:58:32.943 32014 32152 D SqliteTestActivity: onCreate: Thread-6 -3110 null
06-05 09:58:32.943 32014 32148 D SqliteTestActivity: run: Thread-3 true
06-05 09:58:32.943 32014 32149 D SqliteTestActivity: onCreate: Thread-4 -1541 null
06-05 09:58:32.943 32014 32150 D SqliteTestActivity: run: Thread-5 true
06-05 09:58:32.943 32014 32152 D SqliteTestActivity: onCreate: Thread-6 304 value304
06-05 09:58:32.943 32014 32148 D SqliteTestActivity: run: Thread-3 true
06-05 09:58:32.943 32014 32152 D SqliteTestActivity: onCreate: Thread-6 5720 value5720
06-05 09:58:32.943 32014 32148 D SqliteTestActivity: run: Thread-3 true
06-05 09:58:32.943 32014 32152 D SqliteTestActivity: onCreate: Thread-6 6129 value6129
06-05 09:58:32.943 32014 32148 D SqliteTestActivity: run: Thread-3 true
06-05 09:58:32.943 32014 32148 D SqliteTestActivity: run: Thread-3 true
06-05 09:58:32.943 32014 32152 D SqliteTestActivity: onCreate: Thread-6 -8800 null
06-05 09:58:32.943 32014 32148 D SqliteTestActivity: run: Thread-3 true
06-05 09:58:32.943 32014 32148 D SqliteTestActivity: run: Thread-3 true
06-05 09:58:32.943 32014 32150 D SqliteTestActivity: run: Thread-5 true
06-05 09:58:32.943 32014 32148 D SqliteTestActivity: run: Thread-3 true
06-05 09:58:32.943 32014 32152 D SqliteTestActivity: onCreate: Thread-6 -5517 null
06-05 09:58:32.943 32014 32148 D SqliteTestActivity: run: Thread-3 true
06-05 09:58:32.943 32014 32152 D SqliteTestActivity: onCreate: Thread-6 -390 null
06-05 09:58:32.943 32014 32148 D SqliteTestActivity: run: Thread-3 true
06-05 09:58:32.943 32014 32150 D SqliteTestActivity: run: Thread-5 true
06-05 09:58:32.943 32014 32148 D SqliteTestActivity: run: Thread-3 true
06-05 09:58:32.943 32014 32152 D SqliteTestActivity: onCreate: Thread-6 3053 value3053
06-05 09:58:32.943 32014 32148 D SqliteTestActivity: run: Thread-3 true
06-05 09:58:32.943 32014 32149 D SqliteTestActivity: onCreate: Thread-4 7164 value7164
06-05 09:58:32.943 32014 32152 D SqliteTestActivity: onCreate: Thread-6 -8114 null
06-05 09:58:32.943 32014 32148 D SqliteTestActivity: run: Thread-3 true
06-05 09:58:32.944 32014 32148 D SqliteTestActivity: run: Thread-3 true
06-05 09:58:32.944 32014 32152 D SqliteTestActivity: onCreate: Thread-6 865 value865
06-05 09:58:32.944 32014 32150 D SqliteTestActivity: run: Thread-5 true
06-05 09:58:32.944 32014 32148 D SqliteTestActivity: run: Thread-3 true
06-05 09:58:32.944 32014 32152 D SqliteTestActivity: onCreate: Thread-6 -1606 null
06-05 09:58:32.944 32014 32149 D SqliteTestActivity: onCreate: Thread-4 6100 value6100
06-05 09:58:32.944 32014 32148 D SqliteTestActivity: run: Thread-3 true
06-05 09:58:32.944 32014 32152 D SqliteTestActivity: onCreate: Thread-6 -1249 null
06-05 09:58:32.944 32014 32149 D SqliteTestActivity: onCreate: Thread-4 -3675 null
06-05 09:58:32.944 32014 32148 D SqliteTestActivity: run: Thread-3 true
06-05 09:58:32.944 32014 32150 D SqliteTestActivity: run: Thread-5 true
06-05 09:58:32.944 32014 32152 D SqliteTestActivity: onCreate: Thread-6 -9367 null
06-05 09:58:32.944 32014 32149 D SqliteTestActivity: onCreate: Thread-4 923 value923
06-05 09:58:32.944 32014 32148 D SqliteTestActivity: run: Thread-3 true
06-05 09:58:32.944 32014 32148 D SqliteTestActivity: run: Thread-3 true
06-05 09:58:32.944 32014 32149 D SqliteTestActivity: onCreate: Thread-4 -3905 null
06-05 09:58:32.944 32014 32150 D SqliteTestActivity: run: Thread-5 true
06-05 09:58:32.944 32014 32148 D SqliteTestActivity: run: Thread-3 true
06-05 09:58:32.944 32014 32148 I chatty  : uid=11670(com.example.android_lesson) identical 2 lines
06-05 09:58:32.944 32014 32148 D SqliteTestActivity: run: Thread-3 true
06-05 09:58:32.944 32014 32149 D SqliteTestActivity: onCreate: Thread-4 -879 null
06-05 09:58:32.944 32014 32148 D SqliteTestActivity: run: Thread-3 true
06-05 09:58:32.944 32014 32149 D SqliteTestActivity: onCreate: Thread-4 -8730 null
06-05 09:58:32.944 32014 32148 D SqliteTestActivity: run: Thread-3 true
06-05 09:58:32.944 32014 32152 D SqliteTestActivity: onCreate: Thread-6 -3300 null
06-05 09:58:32.944 32014 32149 D SqliteTestActivity: onCreate: Thread-4 -3393 null
06-05 09:58:32.944 32014 32150 D SqliteTestActivity: run: Thread-5 true
06-05 09:58:32.944 32014 32148 D SqliteTestActivity: run: Thread-3 true
06-05 09:58:32.944 32014 32148 I chatty  : uid=11670(com.example.android_lesson) identical 1 line
06-05 09:58:32.944 32014 32148 D SqliteTestActivity: run: Thread-3 true
06-05 09:58:32.944 32014 32150 D SqliteTestActivity: run: Thread-5 true
06-05 09:58:32.944 32014 32152 D SqliteTestActivity: onCreate: Thread-6 -9231 null
06-05 09:58:32.944 32014 32149 D SqliteTestActivity: onCreate: Thread-4 -7205 null
06-05 09:58:32.944 32014 32148 D SqliteTestActivity: run: Thread-3 true
06-05 09:58:32.944 32014 32150 D SqliteTestActivity: run: Thread-5 true
06-05 09:58:32.944 32014 32148 D SqliteTestActivity: run: Thread-3 true
06-05 09:58:32.944 32014 32152 D SqliteTestActivity: onCreate: Thread-6 4099 value4099
06-05 09:58:32.944 32014 32148 D SqliteTestActivity: run: Thread-3 true
06-05 09:58:32.944 32014 32150 D SqliteTestActivity: run: Thread-5 true
06-05 09:58:32.944 32014 32148 D SqliteTestActivity: run: Thread-3 true
06-05 09:58:32.945 32014 32152 D SqliteTestActivity: onCreate: Thread-6 7923 value7923
06-05 09:58:32.945 32014 32148 D SqliteTestActivity: run: Thread-3 true
06-05 09:58:32.945 32014 32149 D SqliteTestActivity: onCreate: Thread-4 -2183 null
06-05 09:58:32.945 32014 32150 D SqliteTestActivity: run: Thread-5 true
06-05 09:58:32.945 32014 32148 D SqliteTestActivity: run: Thread-3 true
06-05 09:58:32.945 32014 32149 D SqliteTestActivity: onCreate: Thread-4 -1307 null
06-05 09:58:32.945 32014 32152 D SqliteTestActivity: onCreate: Thread-6 -404 null
06-05 09:58:32.945 32014 32148 D SqliteTestActivity: run: Thread-3 true
06-05 09:58:32.945 32014 32150 D SqliteTestActivity: run: Thread-5 true
06-05 09:58:32.945 32014 32149 D SqliteTestActivity: onCreate: Thread-4 9271 value9271
06-05 09:58:32.945 32014 32148 D SqliteTestActivity: run: Thread-3 true
06-05 09:58:32.945 32014 32148 D SqliteTestActivity: run: Thread-3 true
06-05 09:58:32.945 32014 32150 D SqliteTestActivity: run: Thread-5 true
06-05 09:58:32.945 32014 32148 D SqliteTestActivity: run: Thread-3 true
06-05 09:58:32.945 32014 32152 D SqliteTestActivity: onCreate: Thread-6 -6730 null
06-05 09:58:32.945 32014 32148 D SqliteTestActivity: run: Thread-3 true
06-05 09:58:32.945 32014 32148 D SqliteTestActivity: run: Thread-3 true
06-05 09:58:32.945 32014 32150 D SqliteTestActivity: run: Thread-5 true
06-05 09:58:32.945 32014 32148 D SqliteTestActivity: run: Thread-3 true
06-05 09:58:32.945 32014 32152 D SqliteTestActivity: onCreate: Thread-6 -3302 null
06-05 09:58:32.945 32014 32149 D SqliteTestActivity: onCreate: Thread-4 -3002 null
06-05 09:58:32.945 32014 32148 D SqliteTestActivity: run: Thread-3 true
06-05 09:58:32.945 32014 32148 D SqliteTestActivity: run: Thread-3 true
06-05 09:58:32.945 32014 32150 D SqliteTestActivity: run: Thread-5 true
06-05 09:58:32.945 32014 32148 D SqliteTestActivity: run: Thread-3 true
06-05 09:58:32.945 32014 32149 D SqliteTestActivity: onCreate: Thread-4 3452 value3452
06-05 09:58:32.945 32014 32152 D SqliteTestActivity: onCreate: Thread-6 8664 value8664
06-05 09:58:32.945 32014 32148 D SqliteTestActivity: run: Thread-3 true
06-05 09:58:32.945 32014 32149 D SqliteTestActivity: onCreate: Thread-4 5745 value5745
06-05 09:58:32.945 32014 32150 D SqliteTestActivity: run: Thread-5 true
06-05 09:58:32.945 32014 32148 D SqliteTestActivity: run: Thread-3 true
06-05 09:58:32.945 32014 32149 D SqliteTestActivity: onCreate: Thread-4 -9353 null
06-05 09:58:32.945 32014 32148 D SqliteTestActivity: run: Thread-3 true
06-05 09:58:32.945 32014 32152 D SqliteTestActivity: onCreate: Thread-6 7061 value7061
06-05 09:58:32.945 32014 32149 D SqliteTestActivity: onCreate: Thread-4 9399 value9399
06-05 09:58:32.945 32014 32148 D SqliteTestActivity: run: Thread-3 true
06-05 09:58:32.945 32014 32148 D SqliteTestActivity: run: Thread-3 true
06-05 09:58:32.945 32014 32150 D SqliteTestActivity: run: Thread-5 true
06-05 09:58:32.945 32014 32149 D SqliteTestActivity: onCreate: Thread-4 1371 value1371
06-05 09:58:32.945 32014 32148 D SqliteTestActivity: run: Thread-3 true
06-05 09:58:32.945 32014 32149 D SqliteTestActivity: onCreate: Thread-4 -1068 null
06-05 09:58:32.945 32014 32148 D SqliteTestActivity: run: Thread-3 true
06-05 09:58:32.945 32014 32149 D SqliteTestActivity: onCreate: Thread-4 -1691 null
06-05 09:58:32.945 32014 32150 D SqliteTestActivity: run: Thread-5 true
06-05 09:58:32.945 32014 32148 D SqliteTestActivity: run: Thread-3 true
06-05 09:58:32.945 32014 32152 D SqliteTestActivity: onCreate: Thread-6 7117 value7117
06-05 09:58:32.945 32014 32149 D SqliteTestActivity: onCreate: Thread-4 7806 value7806
06-05 09:58:32.945 32014 32148 D SqliteTestActivity: run: Thread-3 true
06-05 09:58:32.945 32014 32150 D SqliteTestActivity: run: Thread-5 true
06-05 09:58:32.945 32014 32148 D SqliteTestActivity: run: Thread-3 true
06-05 09:58:32.945 32014 32149 D SqliteTestActivity: onCreate: Thread-4 9884 value9884
06-05 09:58:32.946 32014 32152 D SqliteTestActivity: onCreate: Thread-6 -2690 null
06-05 09:58:32.946 32014 32148 D SqliteTestActivity: run: Thread-3 true
06-05 09:58:32.946 32014 32149 D SqliteTestActivity: onCreate: Thread-4 -1126 null
06-05 09:58:32.946 32014 32148 D SqliteTestActivity: run: Thread-3 true
06-05 09:58:32.946 32014 32152 D SqliteTestActivity: onCreate: Thread-6 -1151 null
06-05 09:58:32.946 32014 32150 D SqliteTestActivity: run: Thread-5 true
06-05 09:58:32.946 32014 32148 D SqliteTestActivity: run: Thread-3 true
06-05 09:58:32.946 32014 32152 D SqliteTestActivity: onCreate: Thread-6 420 value420
06-05 09:58:32.946 32014 32148 D SqliteTestActivity: run: Thread-3 true
06-05 09:58:32.946 32014 32152 D SqliteTestActivity: onCreate: Thread-6 -8980 null
06-05 09:58:32.946 32014 32150 D SqliteTestActivity: run: Thread-5 true
06-05 09:58:32.946 32014 32148 D SqliteTestActivity: run: Thread-3 true
06-05 09:58:32.946 32014 32152 D SqliteTestActivity: onCreate: Thread-6 -18 null
06-05 09:58:32.946 32014 32149 D SqliteTestActivity: onCreate: Thread-4 -1612 null
06-05 09:58:32.946 32014 32150 D SqliteTestActivity: run: Thread-5 true
06-05 09:58:32.946 32014 32152 D SqliteTestActivity: onCreate: Thread-6 -8576 null
06-05 09:58:32.946 32014 32149 D SqliteTestActivity: onCreate: Thread-4 -214 null
06-05 09:58:32.946 32014 32152 D SqliteTestActivity: onCreate: Thread-6 -6622 null
06-05 09:58:32.946 32014 32149 D SqliteTestActivity: onCreate: Thread-4 6115 value6115
06-05 09:58:32.946 32014 32150 D SqliteTestActivity: run: Thread-5 true
06-05 09:58:32.946 32014 32152 D SqliteTestActivity: onCreate: Thread-6 -6433 null
06-05 09:58:32.946 32014 32149 D SqliteTestActivity: onCreate: Thread-4 -1007 null
06-05 09:58:32.946 32014 32152 D SqliteTestActivity: onCreate: Thread-6 -9471 null
06-05 09:58:32.946 32014 32149 D SqliteTestActivity: onCreate: Thread-4 -6404 null
06-05 09:58:32.946 32014 32148 D SqliteTestActivity: run: Thread-3 true
06-05 09:58:32.946 32014 32150 D SqliteTestActivity: run: Thread-5 true
06-05 09:58:32.946 32014 32152 D SqliteTestActivity: onCreate: Thread-6 -3649 null
06-05 09:58:32.946 32014 32149 D SqliteTestActivity: onCreate: Thread-4 4625 value4625
06-05 09:58:32.946 32014 32152 D SqliteTestActivity: onCreate: Thread-6 2504 value2504
06-05 09:58:32.946 32014 32152 D SqliteTestActivity: onCreate: Thread-6 6081 value6081
06-05 09:58:32.946 32014 32149 D SqliteTestActivity: onCreate: Thread-4 -480 null
06-05 09:58:32.946 32014 32149 D SqliteTestActivity: onCreate: Thread-4 2076 value2076
06-05 09:58:32.946 32014 32148 D SqliteTestActivity: run: Thread-3 true
06-05 09:58:32.946 32014 32152 D SqliteTestActivity: onCreate: Thread-6 2863 value2863
06-05 09:58:32.946 32014 32148 D SqliteTestActivity: run: Thread-3 true
06-05 09:58:32.946 32014 32152 D SqliteTestActivity: onCreate: Thread-6 3065 value3065
06-05 09:58:32.946 32014 32150 D SqliteTestActivity: run: Thread-5 true
06-05 09:58:32.946 32014 32148 D SqliteTestActivity: run: Thread-3 true
06-05 09:58:32.946 32014 32152 D SqliteTestActivity: onCreate: Thread-6 5912 value5912
06-05 09:58:32.946 32014 32148 D SqliteTestActivity: run: Thread-3 true
06-05 09:58:32.946 32014 32149 D SqliteTestActivity: onCreate: Thread-4 7022 value7022
06-05 09:58:32.946 32014 32152 D SqliteTestActivity: onCreate: Thread-6 -8398 null
06-05 09:58:32.946 32014 32148 D SqliteTestActivity: run: Thread-3 true
06-05 09:58:32.946 32014 32149 D SqliteTestActivity: onCreate: Thread-4 -3783 null
06-05 09:58:32.946 32014 32150 D SqliteTestActivity: run: Thread-5 true
06-05 09:58:32.946 32014 32152 D SqliteTestActivity: onCreate: Thread-6 -6281 null
06-05 09:58:32.946 32014 32148 D SqliteTestActivity: run: Thread-3 true
06-05 09:58:32.947 32014 32149 D SqliteTestActivity: onCreate: Thread-4 4514 value4514
06-05 09:58:32.947 32014 32148 D SqliteTestActivity: run: Thread-3 true
06-05 09:58:32.947 32014 32150 D SqliteTestActivity: run: Thread-5 true
06-05 09:58:32.947 32014 32148 D SqliteTestActivity: run: Thread-3 true
06-05 09:58:32.947 32014 32149 D SqliteTestActivity: onCreate: Thread-4 -7265 null
06-05 09:58:32.947 32014 32148 D SqliteTestActivity: run: Thread-3 true
06-05 09:58:32.947 32014 32149 D SqliteTestActivity: onCreate: Thread-4 4361 value4361
06-05 09:58:32.947 32014 32150 D SqliteTestActivity: run: Thread-5 true
06-05 09:58:32.947 32014 32148 D SqliteTestActivity: run: Thread-3 true
06-05 09:58:32.947 32014 32149 D SqliteTestActivity: onCreate: Thread-4 -7443 null
06-05 09:58:32.947 32014 32148 D SqliteTestActivity: run: Thread-3 true
06-05 09:58:32.947 32014 32149 D SqliteTestActivity: onCreate: Thread-4 -5963 null
06-05 09:58:32.947 32014 32148 D SqliteTestActivity: run: Thread-3 true
06-05 09:58:32.947 32014 32149 D SqliteTestActivity: onCreate: Thread-4 7972 value7972
06-05 09:58:32.947 32014 32150 D SqliteTestActivity: run: Thread-5 true
06-05 09:58:32.947 32014 32148 D SqliteTestActivity: run: Thread-3 true
06-05 09:58:32.947 32014 32149 D SqliteTestActivity: onCreate: Thread-4 -9175 null
06-05 09:58:32.947 32014 32148 D SqliteTestActivity: run: Thread-3 true
06-05 09:58:32.947 32014 32150 D SqliteTestActivity: run: Thread-5 true
06-05 09:58:32.947 32014 32148 D SqliteTestActivity: run: Thread-3 true
06-05 09:58:32.947 32014 32149 D SqliteTestActivity: onCreate: Thread-4 1303 value1303
06-05 09:58:32.947 32014 32148 D SqliteTestActivity: run: Thread-3 true
06-05 09:58:32.947 32014 32149 D SqliteTestActivity: onCreate: Thread-4 2278 value2278
06-05 09:58:32.947 32014 32148 D SqliteTestActivity: run: Thread-3 true
06-05 09:58:32.947 32014 32149 D SqliteTestActivity: onCreate: Thread-4 -5105 null
06-05 09:58:32.947 32014 32148 D SqliteTestActivity: run: Thread-3 true
06-05 09:58:32.947 32014 32150 D SqliteTestActivity: run: Thread-5 true
06-05 09:58:32.947 32014 32152 D SqliteTestActivity: onCreate: Thread-6 5436 value5436
06-05 09:58:32.947 32014 32149 D SqliteTestActivity: onCreate: Thread-4 3214 value3214
06-05 09:58:32.947 32014 32148 D SqliteTestActivity: run: Thread-3 true
06-05 09:58:32.947 32014 32149 D SqliteTestActivity: onCreate: Thread-4 1440 value1440
06-05 09:58:32.947 32014 32148 D SqliteTestActivity: run: Thread-3 true
06-05 09:58:32.947 32014 32152 D SqliteTestActivity: onCreate: Thread-6 -1309 null
06-05 09:58:32.947 32014 32150 D SqliteTestActivity: run: Thread-5 true
06-05 09:58:32.947 32014 32152 D SqliteTestActivity: onCreate: Thread-6 1490 value1490
06-05 09:58:32.947 32014 32149 D SqliteTestActivity: onCreate: Thread-4 -8421 null
06-05 09:58:32.947 32014 32148 D SqliteTestActivity: run: Thread-3 true
06-05 09:58:32.947 32014 32152 D SqliteTestActivity: onCreate: Thread-6 -902 null
06-05 09:58:32.947 32014 32150 D SqliteTestActivity: run: Thread-5 true
06-05 09:58:32.947 32014 32148 D SqliteTestActivity: run: Thread-3 true
06-05 09:58:32.947 32014 32148 D SqliteTestActivity: run: Thread-3 true
06-05 09:58:32.947 32014 32149 D SqliteTestActivity: onCreate: Thread-4 6396 value6396
06-05 09:58:32.947 32014 32148 D SqliteTestActivity: run: Thread-3 true
06-05 09:58:32.947 32014 32152 D SqliteTestActivity: onCreate: Thread-6 -243 null
06-05 09:58:32.947 32014 32148 D SqliteTestActivity: run: Thread-3 true
06-05 09:58:32.947 32014 32149 D SqliteTestActivity: onCreate: Thread-4 6094 value6094
06-05 09:58:32.948 32014 32148 D SqliteTestActivity: run: Thread-3 true
06-05 09:58:32.948 32014 32148 I chatty  : uid=11670(com.example.android_lesson) identical 1 line
06-05 09:58:32.948 32014 32148 D SqliteTestActivity: run: Thread-3 true
06-05 09:58:32.948 32014 32149 D SqliteTestActivity: onCreate: Thread-4 -1808 null
06-05 09:58:32.948 32014 32150 D SqliteTestActivity: run: Thread-5 true
06-05 09:58:32.948 32014 32148 D SqliteTestActivity: run: Thread-3 true
06-05 09:58:32.948 32014 32150 D SqliteTestActivity: run: Thread-5 true
06-05 09:58:32.948 32014 32148 D SqliteTestActivity: run: Thread-3 true
06-05 09:58:32.948 32014 32148 D SqliteTestActivity: run: Thread-3 true
06-05 09:58:32.948 32014 32149 D SqliteTestActivity: onCreate: Thread-4 5721 value5721
06-05 09:58:32.948 32014 32150 D SqliteTestActivity: run: Thread-5 true
06-05 09:58:32.948 32014 32148 D SqliteTestActivity: run: Thread-3 true
06-05 09:58:32.948 32014 32152 D SqliteTestActivity: onCreate: Thread-6 2318 value2318
06-05 09:58:32.948 32014 32150 D SqliteTestActivity: run: Thread-5 true
06-05 09:58:32.948 32014 32148 D SqliteTestActivity: run: Thread-3 true
06-05 09:58:32.948 32014 32150 D SqliteTestActivity: run: Thread-5 true
06-05 09:58:32.948 32014 32148 D SqliteTestActivity: run: Thread-3 true
06-05 09:58:32.948 32014 32152 D SqliteTestActivity: onCreate: Thread-6 -134 null
06-05 09:58:32.948 32014 32150 D SqliteTestActivity: run: Thread-5 true
06-05 09:58:32.948 32014 32149 D SqliteTestActivity: onCreate: Thread-4 6627 value6627
06-05 09:58:32.948 32014 32148 D SqliteTestActivity: run: Thread-3 true
06-05 09:58:32.948 32014 32152 D SqliteTestActivity: onCreate: Thread-6 2099 value2099
06-05 09:58:32.948 32014 32150 D SqliteTestActivity: run: Thread-5 true
06-05 09:58:32.948 32014 32148 D SqliteTestActivity: run: Thread-3 true
06-05 09:58:32.948 32014 32150 D SqliteTestActivity: run: Thread-5 true
06-05 09:58:32.948 32014 32152 D SqliteTestActivity: onCreate: Thread-6 -7186 null
06-05 09:58:32.948 32014 32148 D SqliteTestActivity: run: Thread-3 true
06-05 09:58:32.948 32014 32150 D SqliteTestActivity: run: Thread-5 true
06-05 09:58:32.948 32014 32148 D SqliteTestActivity: run: Thread-3 true
06-05 09:58:32.948 32014 32149 D SqliteTestActivity: onCreate: Thread-4 8760 value8760
06-05 09:58:32.948 32014 32152 D SqliteTestActivity: onCreate: Thread-6 -3913 null
06-05 09:58:32.948 32014 32150 D SqliteTestActivity: run: Thread-5 true
06-05 09:58:32.948 32014 32148 D SqliteTestActivity: run: Thread-3 true
06-05 09:58:32.948 32014 32150 D SqliteTestActivity: run: Thread-5 true
06-05 09:58:32.948 32014 32152 D SqliteTestActivity: onCreate: Thread-6 5756 value5756
06-05 09:58:32.948 32014 32148 D SqliteTestActivity: run: Thread-3 true
06-05 09:58:32.948 32014 32150 D SqliteTestActivity: run: Thread-5 true
06-05 09:58:32.948 32014 32148 D SqliteTestActivity: run: Thread-3 true
06-05 09:58:32.948 32014 32149 D SqliteTestActivity: onCreate: Thread-4 1595 value1595
06-05 09:58:32.948 32014 32150 D SqliteTestActivity: run: Thread-5 true
06-05 09:58:32.948 32014 32148 D SqliteTestActivity: run: Thread-3 true
06-05 09:58:32.948 32014 32150 D SqliteTestActivity: run: Thread-5 true
06-05 09:58:32.948 32014 32148 D SqliteTestActivity: run: Thread-3 true
06-05 09:58:32.948 32014 32152 D SqliteTestActivity: onCreate: Thread-6 9201 value9201
06-05 09:58:32.948 32014 32148 D SqliteTestActivity: run: Thread-3 true
06-05 09:58:32.948 32014 32148 D SqliteTestActivity: run: Thread-3 true
06-05 09:58:32.948 32014 32149 D SqliteTestActivity: onCreate: Thread-4 8088 value8088
